\BOOKMARK [0][-]{chapter*.1}{\376\377\000D\000e\000c\000l\000a\000r\000a\000t\000i\000o\000n}{}% 1
\BOOKMARK [0][-]{chapter*.2}{\376\377\000C\000e\000r\000t\000i\000f\000i\000c\000a\000t\000e}{}% 2
\BOOKMARK [0][-]{chapter*.2}{\376\377\000A\000c\000k\000n\000o\000w\000l\000e\000d\000g\000m\000e\000n\000t}{}% 3
\BOOKMARK [0][-]{chapter*.4}{\376\377\000A\000b\000s\000t\000r\000a\000c\000t}{}% 4
\BOOKMARK [0][-]{chapter*.5}{\376\377\000L\000I\000S\000T\000\040\000O\000F\000\040\000T\000A\000B\000L\000E\000S}{}% 5
\BOOKMARK [0][-]{chapter*.6}{\376\377\000L\000I\000S\000T\000\040\000O\000F\000\040\000F\000I\000G\000U\000R\000E\000S}{}% 6
\BOOKMARK [0][-]{chapter*.8}{\376\377\000A\000B\000B\000R\000E\000V\000I\000A\000T\000I\000O\000N\000S}{}% 7
\BOOKMARK [0][-]{chapter*.9}{\376\377\000N\000O\000T\000A\000T\000I\000O\000N\000S}{}% 8
\BOOKMARK [0][-]{chapter.1}{\376\377\000I\000n\000t\000r\000o\000d\000u\000c\000t\000i\000o\000n}{}% 9
\BOOKMARK [1][-]{section.1.1}{\376\377\000I\000n\000t\000r\000o\000d\000u\000c\000t\000i\000o\000n}{chapter.1}% 10
\BOOKMARK [1][-]{section.1.2}{\376\377\000B\000a\000c\000k\000g\000r\000o\000u\000n\000d\000\040\000S\000t\000u\000d\000y}{chapter.1}% 11
\BOOKMARK [1][-]{section.1.3}{\376\377\000P\000r\000o\000b\000l\000e\000m\000\040\000S\000t\000a\000t\000e\000m\000e\000n\000t}{chapter.1}% 12
\BOOKMARK [1][-]{section.1.4}{\376\377\000O\000b\000j\000e\000c\000t\000i\000v\000e\000s}{chapter.1}% 13
\BOOKMARK [1][-]{section.1.5}{\376\377\000S\000c\000o\000p\000e\000\040\000o\000f\000\040\000t\000h\000e\000\040\000P\000r\000o\000j\000e\000c\000t}{chapter.1}% 14
\BOOKMARK [1][-]{section.1.6}{\376\377\000O\000r\000g\000a\000n\000i\000z\000a\000t\000i\000o\000n\000\040\000o\000f\000\040\000t\000h\000e\000\040\000R\000e\000p\000o\000r\000t}{chapter.1}% 15
\BOOKMARK [0][-]{chapter.2}{\376\377\000M\000o\000t\000i\000v\000a\000t\000i\000o\000n}{}% 16
\BOOKMARK [1][-]{section.2.1}{\376\377\000W\000h\000y\000\040\000F\000i\000n\000a\000l\000-\000Y\000e\000a\000r\000\040\000E\000n\000g\000i\000n\000e\000e\000r\000i\000n\000g\000\040\000P\000r\000o\000j\000e\000c\000t\000s\000\040\000A\000r\000e\000\040\000I\000m\000p\000o\000r\000t\000a\000n\000t}{chapter.2}% 17
\BOOKMARK [2][-]{subsection.2.1.1}{\376\377\000I\000d\000e\000n\000t\000i\000f\000y\000i\000n\000g\000\040\000a\000\040\000R\000e\000a\000l\000-\000W\000o\000r\000l\000d\000\040\000P\000r\000o\000b\000l\000e\000m\000\040\000a\000n\000d\000\040\000D\000e\000s\000i\000g\000n\000i\000n\000g\000\040\000a\000\040\000S\000o\000l\000u\000t\000i\000o\000n}{section.2.1}% 18
\BOOKMARK [2][-]{subsection.2.1.2}{\376\377\000E\000x\000p\000l\000o\000r\000i\000n\000g\000\040\000D\000i\000v\000e\000r\000s\000e\000\040\000R\000e\000s\000e\000a\000r\000c\000h\000\040\000A\000r\000e\000a\000s}{section.2.1}% 19
\BOOKMARK [2][-]{subsection.2.1.3}{\376\377\000C\000h\000o\000o\000s\000i\000n\000g\000\040\000R\000e\000l\000e\000v\000a\000n\000t\000\040\000T\000o\000p\000i\000c\000s\000\040\000a\000n\000d\000\040\000M\000e\000n\000t\000o\000r\000s\000h\000i\000p}{section.2.1}% 20
\BOOKMARK [2][-]{subsection.2.1.4}{\376\377\000U\000n\000d\000e\000r\000s\000t\000a\000n\000d\000i\000n\000g\000\040\000a\000n\000d\000\040\000P\000r\000e\000p\000a\000r\000i\000n\000g\000\040\000P\000r\000o\000j\000e\000c\000t\000\040\000D\000o\000c\000u\000m\000e\000n\000t\000a\000t\000i\000o\000n}{section.2.1}% 21
\BOOKMARK [2][-]{subsection.2.1.5}{\376\377\000E\000f\000f\000e\000c\000t\000i\000v\000e\000\040\000P\000l\000a\000n\000n\000i\000n\000g}{section.2.1}% 22
\BOOKMARK [2][-]{subsection.2.1.6}{\376\377\000P\000l\000a\000t\000f\000o\000r\000m\000\040\000f\000o\000r\000\040\000S\000k\000i\000l\000l\000\040\000D\000e\000v\000e\000l\000o\000p\000m\000e\000n\000t\000\040\000a\000n\000d\000\040\000I\000n\000n\000o\000v\000a\000t\000i\000o\000n}{section.2.1}% 23
\BOOKMARK [0][-]{chapter.3}{\376\377\000L\000i\000t\000e\000r\000a\000t\000u\000r\000e\000\040\000S\000u\000r\000v\000e\000y}{}% 24
\BOOKMARK [1][-]{section.3.1}{\376\377\000P\000h\000o\000t\000o\000g\000r\000a\000m\000m\000e\000t\000r\000i\000c\000\040\000H\000e\000r\000i\000t\000a\000g\000e\000\040\000D\000o\000c\000u\000m\000e\000n\000t\000a\000t\000i\000o\000n}{chapter.3}% 25
\BOOKMARK [1][-]{section.3.2}{\376\377\000R\000e\000a\000l\000-\000T\000i\000m\000e\000\040\000R\000e\000n\000d\000e\000r\000i\000n\000g\000\040\000o\000f\000\040\000D\000e\000n\000s\000e\000\040\000S\000c\000a\000n\000s}{chapter.3}% 26
\BOOKMARK [1][-]{section.3.3}{\376\377\000I\000m\000m\000e\000r\000s\000i\000v\000e\000\040\000I\000n\000t\000e\000r\000a\000c\000t\000i\000o\000n\000\040\000a\000n\000d\000\040\000L\000o\000c\000o\000m\000o\000t\000i\000o\000n\000\040\000C\000o\000m\000f\000o\000r\000t}{chapter.3}% 27
\BOOKMARK [1][-]{section.3.4}{\376\377\000M\000u\000l\000t\000i\000-\000P\000a\000t\000h\000\040\000M\000u\000s\000e\000u\000m\000\040\000T\000o\000p\000o\000l\000o\000g\000y}{chapter.3}% 28
\BOOKMARK [1][-]{section.3.5}{\376\377\000W\000e\000b\000-\000N\000a\000t\000i\000v\000e\000\040\000I\000m\000m\000e\000r\000s\000i\000o\000n}{chapter.3}% 29
\BOOKMARK [1][-]{section.3.6}{\376\377\000R\000e\000s\000e\000a\000r\000c\000h\000\040\000G\000a\000p\000\040\000a\000n\000d\000\040\000C\000o\000n\000t\000r\000i\000b\000u\000t\000i\000o\000n}{chapter.3}% 30
\BOOKMARK [0][-]{chapter.4}{\376\377\000D\000e\000s\000i\000g\000n\000\040\000a\000n\000d\000\040\000M\000e\000t\000h\000o\000d\000o\000l\000o\000g\000y}{}% 31
\BOOKMARK [1][-]{section.4.1}{\376\377\000S\000y\000s\000t\000e\000m\000\040\000D\000e\000s\000i\000g\000n\000\040\000O\000v\000e\000r\000v\000i\000e\000w}{chapter.4}% 32
\BOOKMARK [1][-]{section.4.2}{\376\377\000R\000o\000o\000m\000\040\000a\000n\000d\000\040\000H\000a\000l\000l\000w\000a\000y\000\040\000G\000e\000n\000e\000r\000a\000t\000i\000o\000n}{chapter.4}% 33
\BOOKMARK [1][-]{section.4.3}{\376\377\000M\000o\000n\000u\000m\000e\000n\000t\000\040\000L\000i\000b\000r\000a\000r\000y\000\040\000D\000e\000s\000i\000g\000n}{chapter.4}% 34
\BOOKMARK [1][-]{section.4.4}{\376\377\000M\000u\000l\000t\000i\000-\000P\000a\000t\000h\000\040\000N\000a\000v\000i\000g\000a\000t\000i\000o\000n\000\040\000G\000r\000a\000p\000h}{chapter.4}% 35
\BOOKMARK [1][-]{section.4.5}{\376\377\000C\000o\000m\000f\000o\000r\000t\000\040\000L\000o\000c\000o\000m\000o\000t\000i\000o\000n\000\040\000M\000e\000t\000h\000o\000d\000o\000l\000o\000g\000y}{chapter.4}% 36
\BOOKMARK [1][-]{section.4.6}{\376\377\000C\000r\000o\000s\000s\000-\000P\000l\000a\000t\000f\000o\000r\000m\000\040\000D\000e\000l\000i\000v\000e\000r\000y\000\040\000M\000e\000t\000h\000o\000d\000o\000l\000o\000g\000y}{chapter.4}% 37
\BOOKMARK [1][-]{section.4.7}{\376\377\000L\000i\000g\000h\000t\000i\000n\000g\000\040\000a\000n\000d\000\040\000A\000u\000d\000i\000o\000\040\000M\000e\000t\000h\000o\000d\000o\000l\000o\000g\000y}{chapter.4}% 38
\BOOKMARK [1][-]{section.4.8}{\376\377\000M\000o\000d\000u\000l\000e\000\040\000S\000u\000m\000m\000a\000r\000y}{chapter.4}% 39
\BOOKMARK [0][-]{chapter.5}{\376\377\000I\000m\000p\000l\000e\000m\000e\000n\000t\000a\000t\000i\000o\000n}{}% 40
\BOOKMARK [1][-]{section.5.1}{\376\377\000I\000m\000p\000l\000e\000m\000e\000n\000t\000a\000t\000i\000o\000n\000\040\000O\000v\000e\000r\000v\000i\000e\000w}{chapter.5}% 41
\BOOKMARK [1][-]{section.5.2}{\376\377\000A\000r\000c\000h\000i\000t\000e\000c\000t\000u\000r\000e\000\040\000B\000u\000i\000l\000d\000\040\000P\000i\000p\000e\000l\000i\000n\000e}{chapter.5}% 42
\BOOKMARK [1][-]{section.5.3}{\376\377\000M\000o\000n\000u\000m\000e\000n\000t\000\040\000B\000u\000i\000l\000d\000\040\000P\000i\000p\000e\000l\000i\000n\000e}{chapter.5}% 43
\BOOKMARK [2][-]{subsection.5.3.1}{\376\377\000M\000a\000t\000e\000r\000i\000a\000l\000\040\000C\000h\000o\000i\000c\000e}{section.5.3}% 44
\BOOKMARK [2][-]{subsection.5.3.2}{\376\377\000T\000h\000e\000\040\000M\000o\000n\000u\000m\000e\000n\000t\000S\000p\000a\000w\000n\000e\000r\000\040\000C\000o\000m\000p\000o\000n\000e\000n\000t}{section.5.3}% 45
\BOOKMARK [1][-]{section.5.4}{\376\377\000N\000a\000v\000i\000g\000a\000t\000i\000o\000n\000\040\000P\000i\000p\000e\000l\000i\000n\000e}{chapter.5}% 46
\BOOKMARK [1][-]{section.5.5}{\376\377\000I\000n\000t\000e\000r\000a\000c\000t\000i\000o\000n\000\040\000P\000i\000p\000e\000l\000i\000n\000e}{chapter.5}% 47
\BOOKMARK [1][-]{section.5.6}{\376\377\000C\000r\000o\000s\000s\000-\000P\000l\000a\000t\000f\000o\000r\000m\000\040\000D\000e\000l\000i\000v\000e\000r\000y\000:\000\040\000W\000e\000b\000\040\000B\000u\000i\000l\000d}{chapter.5}% 48
\BOOKMARK [1][-]{section.5.7}{\376\377\000I\000m\000p\000l\000e\000m\000e\000n\000t\000a\000t\000i\000o\000n\000\040\000M\000o\000d\000u\000l\000e\000\040\000T\000a\000b\000l\000e}{chapter.5}% 49
\BOOKMARK [0][-]{chapter.6}{\376\377\000H\000a\000r\000d\000w\000a\000r\000e\000\040\000a\000n\000d\000\040\000S\000o\000f\000t\000w\000a\000r\000e\000\040\000T\000o\000o\000l\000s\000\040\000U\000s\000e\000d}{}% 50
\BOOKMARK [1][-]{section.6.1}{\376\377\000H\000a\000r\000d\000w\000a\000r\000e\000\040\000R\000e\000q\000u\000i\000r\000e\000m\000e\000n\000t\000s}{chapter.6}% 51
\BOOKMARK [1][-]{section.6.2}{\376\377\000S\000o\000f\000t\000w\000a\000r\000e\000\040\000T\000o\000o\000l\000s\000\040\000U\000s\000e\000d}{chapter.6}% 52
\BOOKMARK [2][-]{subsection.6.2.1}{\376\377\000U\000n\000i\000t\000y\000\040\0002\0000\0002\0002\000.\0003\000\040\000L\000T\000S}{section.6.2}% 53
\BOOKMARK [2][-]{subsection.6.2.2}{\376\377\000C\000\043\000\040\0009\000.\0000}{section.6.2}% 54
\BOOKMARK [2][-]{subsection.6.2.3}{\376\377\000T\000h\000r\000e\000e\000.\000j\000s\000\040\000r\0001\0006\0000}{section.6.2}% 55
\BOOKMARK [2][-]{subsection.6.2.4}{\376\377\000W\000e\000b\000X\000R\000\040\000D\000e\000v\000i\000c\000e\000\040\000A\000P\000I}{section.6.2}% 56
\BOOKMARK [2][-]{subsection.6.2.5}{\376\377\000V\000i\000s\000u\000a\000l\000\040\000S\000t\000u\000d\000i\000o\000\040\000C\000o\000d\000e}{section.6.2}% 57
\BOOKMARK [2][-]{subsection.6.2.6}{\376\377\000G\000i\000t\000\040\000a\000n\000d\000\040\000G\000i\000t\000H\000u\000b}{section.6.2}% 58
\BOOKMARK [2][-]{subsection.6.2.7}{\376\377\000B\000l\000e\000n\000d\000e\000r\000\040\000\050\000O\000p\000t\000i\000o\000n\000a\000l\000\040\000A\000s\000s\000e\000t\000\040\000P\000i\000p\000e\000l\000i\000n\000e\000\051}{section.6.2}% 59
\BOOKMARK [2][-]{subsection.6.2.8}{\376\377\000A\000g\000i\000s\000o\000f\000t\000\040\000M\000e\000t\000a\000s\000h\000a\000p\000e\000\040\000\050\000R\000e\000f\000e\000r\000e\000n\000c\000e\000\040\000P\000i\000p\000e\000l\000i\000n\000e\000\051}{section.6.2}% 60
\BOOKMARK [1][-]{section.6.3}{\376\377\000S\000o\000f\000t\000w\000a\000r\000e\000\040\000M\000o\000d\000u\000l\000e\000\040\000S\000u\000m\000m\000a\000r\000y}{chapter.6}% 61
\BOOKMARK [0][-]{chapter.7}{\376\377\000R\000e\000s\000u\000l\000t\000s\000\040\000a\000n\000d\000\040\000D\000i\000s\000c\000u\000s\000s\000i\000o\000n}{}% 62
\BOOKMARK [1][-]{section.7.1}{\376\377\000B\000u\000i\000l\000d\000\040\000a\000n\000d\000\040\000R\000u\000n\000t\000i\000m\000e\000\040\000V\000e\000r\000i\000f\000i\000c\000a\000t\000i\000o\000n}{chapter.7}% 63
\BOOKMARK [1][-]{section.7.2}{\376\377\000R\000e\000n\000d\000e\000r\000i\000n\000g\000\040\000Q\000u\000a\000l\000i\000t\000y\000\040\000R\000e\000s\000u\000l\000t\000s}{chapter.7}% 64
\BOOKMARK [1][-]{section.7.3}{\376\377\000P\000e\000r\000f\000o\000r\000m\000a\000n\000c\000e\000\040\000R\000e\000s\000u\000l\000t\000s}{chapter.7}% 65
\BOOKMARK [2][-]{subsection.7.3.1}{\376\377\000M\000e\000m\000o\000r\000y\000\040\000a\000n\000d\000\040\000P\000o\000l\000y\000g\000o\000n\000\040\000C\000o\000u\000n\000t\000s}{section.7.3}% 66
\BOOKMARK [1][-]{section.7.4}{\376\377\000M\000u\000l\000t\000i\000-\000P\000a\000t\000h\000\040\000N\000a\000v\000i\000g\000a\000t\000i\000o\000n\000\040\000R\000e\000s\000u\000l\000t\000s}{chapter.7}% 67
\BOOKMARK [1][-]{section.7.5}{\376\377\000U\000s\000e\000r\000\040\000E\000x\000p\000e\000r\000i\000e\000n\000c\000e\000\040\000D\000i\000s\000c\000u\000s\000s\000i\000o\000n}{chapter.7}% 68
\BOOKMARK [1][-]{section.7.6}{\376\377\000L\000i\000m\000i\000t\000a\000t\000i\000o\000n\000s}{chapter.7}% 69
\BOOKMARK [1][-]{section.7.7}{\376\377\000D\000i\000s\000c\000u\000s\000s\000i\000o\000n}{chapter.7}% 70
\BOOKMARK [0][-]{chapter.8}{\376\377\000C\000o\000n\000c\000l\000u\000s\000i\000o\000n}{}% 71
\BOOKMARK [1][-]{section.8.1}{\376\377\000S\000u\000m\000m\000a\000r\000y\000\040\000o\000f\000\040\000C\000o\000n\000t\000r\000i\000b\000u\000t\000i\000o\000n\000s}{chapter.8}% 72
\BOOKMARK [1][-]{section.8.2}{\376\377\000F\000u\000t\000u\000r\000e\000\040\000W\000o\000r\000k\000\040\000S\000c\000o\000p\000e}{chapter.8}% 73
\BOOKMARK [2][-]{subsection.8.2.1}{\376\377\0001\000.\000\040\000S\000u\000b\000s\000t\000i\000t\000u\000t\000i\000o\000n\000\040\000o\000f\000\040\000P\000h\000o\000t\000o\000g\000r\000a\000m\000m\000e\000t\000r\000i\000c\000\040\000A\000s\000s\000e\000t\000s}{section.8.2}% 74
\BOOKMARK [2][-]{subsection.8.2.2}{\376\377\0002\000.\000\040\000A\000I\000-\000P\000o\000w\000e\000r\000e\000d\000\040\000G\000u\000i\000d\000e\000\040\000I\000n\000t\000e\000g\000r\000a\000t\000i\000o\000n\000\040\000\050\000A\000c\000t\000i\000v\000e\000\040\000W\000o\000r\000k\000\051}{section.8.2}% 75
\BOOKMARK [2][-]{subsection.8.2.3}{\376\377\0003\000.\000\040\000M\000u\000l\000t\000i\000p\000l\000a\000y\000e\000r\000\040\000a\000n\000d\000\040\000D\000o\000c\000e\000n\000t\000\040\000S\000e\000s\000s\000i\000o\000n\000s}{section.8.2}% 76
\BOOKMARK [2][-]{subsection.8.2.4}{\376\377\0004\000.\000\040\000A\000d\000d\000i\000t\000i\000o\000n\000a\000l\000\040\000M\000o\000d\000a\000l\000i\000t\000i\000e\000s}{section.8.2}% 77
\BOOKMARK [2][-]{subsection.8.2.5}{\376\377\0005\000.\000\040\000L\000o\000c\000a\000l\000i\000s\000a\000t\000i\000o\000n\000\040\000a\000n\000d\000\040\000A\000c\000c\000e\000s\000s\000i\000b\000i\000l\000i\000t\000y}{section.8.2}% 78
\BOOKMARK [2][-]{subsection.8.2.6}{\376\377\0006\000.\000\040\000P\000r\000o\000c\000e\000d\000u\000r\000a\000l\000\040\000C\000o\000n\000t\000e\000n\000t\000\040\000P\000i\000p\000e\000l\000i\000n\000e}{section.8.2}% 79
\BOOKMARK [2][-]{subsection.8.2.7}{\376\377\0007\000.\000\040\000E\000d\000u\000c\000a\000t\000i\000o\000n\000a\000l\000\040\000L\000a\000y\000e\000r}{section.8.2}% 80
\BOOKMARK [2][-]{subsection.8.2.8}{\376\377\0008\000.\000\040\000P\000h\000o\000t\000o\000g\000r\000a\000m\000m\000e\000t\000r\000i\000c\000\040\000A\000u\000t\000h\000o\000r\000i\000n\000g\000\040\000o\000n\000\040\000M\000o\000b\000i\000l\000e}{section.8.2}% 81
\BOOKMARK [1][-]{section.8.3}{\376\377\000C\000l\000o\000s\000i\000n\000g\000\040\000R\000e\000m\000a\000r\000k\000s}{chapter.8}% 82
\BOOKMARK [0][-]{section.8.3}{\376\377\000R\000e\000f\000e\000r\000e\000n\000c\000e\000s}{}% 83
\BOOKMARK [0][-]{appendix.A}{\376\377\000C\000o\000m\000p\000l\000e\000t\000e\000\040\000M\000o\000n\000u\000m\000e\000n\000t\000\040\000C\000a\000t\000a\000l\000o\000g}{}% 84
\BOOKMARK [0][-]{appendix.A}{\376\377\000A\000p\000p\000e\000n\000d\000i\000x\000\040\000A\000:\000\040\000M\000o\000n\000u\000m\000e\000n\000t\000\040\000C\000a\000t\000a\000l\000o\000g}{}% 85
\BOOKMARK [0][-]{appendix.B}{\376\377\000P\000a\000t\000h\000\040\000G\000r\000a\000p\000h\000\040\000E\000d\000g\000e\000\040\000L\000i\000s\000t\000i\000n\000g}{}% 86
\BOOKMARK [0][-]{appendix.B}{\376\377\000A\000p\000p\000e\000n\000d\000i\000x\000\040\000B\000:\000\040\000P\000a\000t\000h\000\040\000G\000r\000a\000p\000h}{}% 87
\BOOKMARK [0][-]{appendix.C}{\376\377\000S\000e\000l\000e\000c\000t\000e\000d\000\040\000S\000o\000u\000r\000c\000e\000\040\000L\000i\000s\000t\000i\000n\000g\000s}{}% 88
\BOOKMARK [0][-]{appendix.C}{\376\377\000A\000p\000p\000e\000n\000d\000i\000x\000\040\000C\000:\000\040\000S\000o\000u\000r\000c\000e\000\040\000L\000i\000s\000t\000i\000n\000g\000s}{}% 89
\BOOKMARK [0][-]{appendix.D}{\376\377\000B\000u\000i\000l\000d\000\040\000a\000n\000d\000\040\000R\000u\000n\000\040\000I\000n\000s\000t\000r\000u\000c\000t\000i\000o\000n\000s}{}% 90
\BOOKMARK [0][-]{appendix.D}{\376\377\000A\000p\000p\000e\000n\000d\000i\000x\000\040\000D\000:\000\040\000B\000u\000i\000l\000d\000\040\000a\000n\000d\000\040\000R\000u\000n}{}% 91
\BOOKMARK [0][-]{appendix*.39}{\376\377\000P\000u\000b\000l\000i\000c\000a\000t\000i\000o\000n\000s}{}% 92
